// Jest Snapshot v1, https://goo.gl/fbAQLP

exports[`<AccountCard> renders without crashing 1`] = `
<div>
  <div
    class="sc-blHHSb kwWOcI"
  >
    <span
      class="rt-Text rt-r-size-8 rt-r-weight-bold"
    >
      test
    </span>
    <div
      class="rt-Box"
    >
      <span
        class="rt-Text rt-r-size-4"
      >
        à¸¿
      </span>
      <span
        class="rt-Text rt-r-size-4"
      >
        <span>
          0
        </span>
      </span>
    </div>
  </div>
</div>
`;
